---
source: source/postcard-schema/tests/schema.rs
expression: "TestStruct3 :: SCHEMA"
---
NamedType {
    name: "TestStruct3",
    ty: NewtypeStruct(
        NamedType {
            name: "u64",
            ty: U64,
        },
    ),
}
